FM_TEST_BEGIN 2026-09-19T06:50:14Z tests/fm-review-diff.test.sh family=pr-forge expected_gate_skip=none
ok - fm-review-diff falls back to recorded pr_head when pull head cannot be fetched
ok - fm-review-diff fetches refs/pull/<n>/head when pr_head= is absent
ok - fm-review-diff prefers freshly fetched PR head over a stale recorded pr_head=
ok - fm-review-diff without pr= keeps the worktree-branch diff
ok - fm-review-diff falls back to local branch with a warning when PR head is unreachable
ok - fm-review-diff diffs against the base branch recorded in the task record
ok - fm-review-diff without base_branch= resolves the default branch exactly as before
ok - fm-review-diff falls back legibly when the recorded base branch is gone from origin
ok - fm-review-diff reports an unreachable origin as a fetch failure, not a deleted base branch
FM_TEST_END 2026-09-19T06:50:18Z tests/fm-review-diff.test.sh exit=0 duration_ms=3884 gate_skip=false
FM_TEST_BEGIN 2026-09-19T06:50:18Z tests/fm-task-delivery.test.sh family=pure-contract-unit expected_gate_skip=none
ok - fm-spawn/fm-promote: authorized intent preserves exact words and refuses operator-address lines
ok - fm-spawn: every legacy worker receives scoped role instructions without changing project or primary instructions
ok - fm-spawn: a ship spawn requires a valid explicit mode and yolo before anything is created
ok - fm-spawn: scout and secondmate spawns refuse ship delivery flags
ok - fm-spawn: the brief's recorded mode and the spawn's explicit mode must agree
ok - fm-spawn: a rigor downgrade against the registered posture is announced, never blocked
ok - fm-spawn: a scout spawn resolves no delivery posture from the registry
ok - fm-promote: promotion requires the delivery contract and records it exactly once
ok - fm-promote: a symlinked task record is refused and its target is left untouched
ok - fm-promote: a promoted worker targets the working branch its own slot was placed on
ok - fm-promote: a promoted worker receives the same mode-specific delivery contract a briefed one does
ok - fm-project-mode: the conditional policy is accepted, mapped for mechanical callers, and readable raw
ok - fm-project-mode: --branch reads a registered working branch and never invents one
ok - fm-spawn/fm-promote: leftover Task placeholders are refused until both subsections are filled
# all fm-task-delivery tests passed
FM_TEST_END 2026-09-19T06:50:49Z tests/fm-task-delivery.test.sh exit=0 duration_ms=31230 gate_skip=false
FM_TEST_BEGIN 2026-09-19T06:50:50Z tests/fm-spawn-pool-base-freshen.test.sh family=standalone expected_gate_skip=none
ok - a remote-seeded secondmate home allocates and launches from its Treehouse pool
ok - a Treehouse slot claim names the launched task, refuses when unclaimable, and is dropped by a locked abort
ok - linked spawning home: primary preserves the primary before any refresh
ok - linked spawning home: primary-alias preserves the primary before any refresh
ok - linked spawning home: spawning preserves the primary before any refresh
ok - linked spawning home: scout preserves the primary before any refresh
ok - a stale pooled worktree refreshes to current origin/main before a crew branch is created
ok - a stale pooled worktree resolves and refreshes a non-main default branch
ok - a registered working branch decides the pooled slot's base over the remote default
ok - a malformed branch token refuses the spawn while an absent one falls back
ok - an unrefreshable origin/HEAD refuses the pool unless a working branch is registered
ok - a registered working branch origin does not carry refuses instead of falling back
ok - every slot that resolves a working branch records it, and one that resolves none records nothing
ok - a launch brief names the working branch its slot was placed on, and is otherwise unchanged
ok - direct-PR ships and scouts both refresh stale pooled worktrees before launch
ok - a dirty pooled worktree is refused without discarding its local work
ok - an unresolved remote default branch refuses the pooled worktree
ok - an unreachable origin refuses a potentially stale pooled worktree
ok - an origin-less pooled worktree launches as-is, skipping the freshness gate
ok - a dirty origin-less pooled worktree is refused without discarding its local work
ok - an origin configuration without a URL refuses the pooled worktree
ok - an empty origin configuration section refuses the pooled worktree
ok - an empty-only included origin section documents the accepted detection boundary
ok - an inactive conditional origin include leaves the pooled worktree origin-less
ok - an origin-less pool with a stale submodule pin refuses while naming both pins and no remedy
ok - an unpushed submodule commit keeps the uncommitted-work refusal and survives it
ok - work inside a submodule is still refused as uncommitted work, not called stale
ok - a stale pin carrying real work is refused conservatively, never called stale
ok - a stale pin beside other dirt yields the conservative refusal alone, with no stale-pin line
# all fm-spawn-pool-base-freshen tests passed
FM_TEST_END 2026-09-19T06:52:37Z tests/fm-spawn-pool-base-freshen.test.sh exit=0 duration_ms=107811 gate_skip=false
FM_TEST_BEGIN 2026-09-19T06:52:37Z tests/fm-control-relaunch.test.sh family=backend-dispatch expected_gate_skip=none
ok - fm-control relaunch: a same-harness relaunch replaces the agent in the same endpoint and worktree
ok - fm-control relaunch: pending composer text refuses before the exit command is typed
ok - fm-control relaunch: an unreadable composer fails safe before the exit command is typed
ok - fm-control relaunch: a linked spawning home preserves committed and unfinished work in the recorded copy
ok - fm-control relaunch: durable task metadata survives replacement launch publication
ok - fm-control relaunch: delivery and concurrent task metadata publication serialize
ok - fm-control relaunch: disabling tracing clears metadata and pane context
ok - fm-control relaunch: progress and the Firstmate-worktree worker identity reach the replacement
ok - fm-control relaunch: a ship task refuses without the progress note its replacement needs
ok - fm-control relaunch: switching harness is one ordinary relaunch, and the old wiring goes with the old agent
ok - fm-control relaunch: a harness switch resets model and effort unless they are named too
ok - fm-control relaunch: a prefixed recorded harness can switch adapters transactionally
ok - fm-control relaunch: a prefixed command requires an explicit replacement harness
ok - fm-control relaunch: a same-harness relaunch keeps the profile axes it was running with
ok - native Ultra relaunch preserves its profile and rejects an unsupported model before stopping
ok - fm-control relaunch: explicit model and effort win over the recorded ones
ok - fm-control relaunch: refuses to relaunch onto an adapter with no verified mechanics
ok - fm-control relaunch: the retired incarnation's global turn-end token is revoked
ok - fm-control relaunch: wiring cleanup failure refuses replacement arming
ok - fm-control-lib: one owner resolves each harness's turn-end registry entry, and refuses a malformed token
ok - fm-control relaunch: a secondmate relaunch re-resolves its durable configured harness pin
ok - fm-control relaunch: invalid configured effort is ignored before stop
ok - fm-control relaunch: an adapter unverified for this task kind refuses before the agent is stopped
ok - fm-control relaunch: explicit secondmate harness resets unnamed profile axes
ok - fm-control relaunch: a ship task keeps its recorded harness instead of re-reading crew config
ok - fm-spawn --relaunch: with no explicit harness it reuses the task's recorded one, never the crew default
ok - fm-spawn --relaunch: the recorded working branch still reaches the replacement worker
ok - fm-spawn --relaunch: a promoted ship reads the worktree base contract exactly once
ok - fm-promote/fm-spawn --relaunch: the current ship contract supersedes stale scout delivery text
ok - fm-spawn --relaunch: wiring armed under a prefixed harness name is still retired
ok - fm-spawn --relaunch: switching away from muse retires its session binding
ok - fm-spawn --relaunch: switching away from cursor retires its session binding
ok - fm-control relaunch: an unaccountable local copy refuses before the agent is touched
ok - fm-control relaunch: a worker with nothing to work from is never launched
ok - fm-control relaunch: a refusal before the agent is stopped leaves the durable record untouched
ok - fm-control relaunch: checkpoint inspection failures refuse before stopping
ok - fm-control relaunch: a launch failure after the stop keeps the prior record and reports the real state
ok - fm-control relaunch: unpublished rollback keeps concurrent durable metadata
ok - fm-control relaunch: post-publication failure keeps the new durable record
ok - fm-control relaunch: partial stop reconciles actual agent state
ok - fm-control relaunch: failed journal replacement preserves durable phase
ok - fm-spawn relaunch: prepublication abort removes replacement state
ok - fm-control relaunch: the checkpoint records the exact unlanded work it preserved
ok - fm-control relaunch: a secondmate's child work is accounted for and its charter is left alone
ok - fm-control relaunch: a secondmate home that is not this secondmate's is refused
ok - fm-control relaunch: unreadable and untraversable child state fails checkpoint
ok - fm-control relaunch: two control actions on one task serialize instead of interleaving
ok - fm-spawn relaunch: direct entry participates in lifecycle serialization
ok - fm-promote: promotion participates in lifecycle serialization
ok - fm-spawn --relaunch: refuses to launch a second agent into a live endpoint
ok - fm-spawn --relaunch: symlinked records refuse before inspection
ok - fm-spawn --relaunch: keeps its early meta lock continuous
ok - fm-spawn --relaunch: pending closes refuse before replacement begins
ok - fm-spawn --relaunch: every identity axis comes from the record, and a contradicting flag refuses
ok - fm-spawn --relaunch: an unrecorded task is refused
ok - fm-spawn --relaunch: refuses to start a replacement outside the copy holding its work
ok - relaunch re-reads the backlog item instead of blindly re-running the transition
ok - relaunch heals an item that drifted out of In flight while the task stayed live
FM_TEST_END 2026-09-19T06:54:07Z tests/fm-control-relaunch.test.sh exit=0 duration_ms=89808 gate_skip=false
FM_TEST_SUMMARY total=4 failed=0 skipped_gate=0 duration_ms=233155
FM_TEST_SUMMARY_FAMILY family=backend-dispatch count=1 duration_ms=89808 failed=0
FM_TEST_SUMMARY_FAMILY family=pr-forge count=1 duration_ms=3884 failed=0
FM_TEST_SUMMARY_FAMILY family=pure-contract-unit count=1 duration_ms=31230 failed=0
FM_TEST_SUMMARY_FAMILY family=standalone count=1 duration_ms=107811 failed=0
FM_TEST_SLOWEST rank=1 script=tests/fm-spawn-pool-base-freshen.test.sh duration_ms=107811
FM_TEST_SLOWEST rank=2 script=tests/fm-control-relaunch.test.sh duration_ms=89808
FM_TEST_SLOWEST rank=3 script=tests/fm-task-delivery.test.sh duration_ms=31230
FM_TEST_SLOWEST rank=4 script=tests/fm-review-diff.test.sh duration_ms=3884
EXIT=0
