lab session: fm-lab-livecwd-1038806-24751   root: /home/homexa/.no-mistakes/worktrees/a20fe525da72/01M2ZYTYKB6Q0NBDR90GX7NS51 (f2ee426)

=== Scenario A: flat spawn, pane cwd, then server restart ===
spawn rc=0
🌳 Setting up worktree...
🌳 Leased worktree at ~/.treehouse/proj-32563a/1/proj. Run 'treehouse return ~/.treehouse/proj-32563a/1/proj' to release it.
spawned liveA harness=sh kind=ship mode=no-mistakes yolo=off window=fm-lab-livecwd-1038806-24751:w1:p2 worktree=/home/homexa/.treehouse/proj-32563a/1/proj
primary checkout : /tmp/fm-live-cwd.kzNKRp/proj
recorded worktree: /home/homexa/.treehouse/proj-32563a/1/proj
task pane        : w1:p2
{"pane_id":"w1:p2","cwd":"/home/homexa/.treehouse/proj-32563a/1/proj","foreground_cwd":"/home/homexa/.treehouse/proj-32563a/1/proj"}
lab server stopped (simulated reboot)
lab server restarted
restored pane after restart:
{"pane_id":"w1:p2","cwd":"/home/homexa/.treehouse/proj-32563a/1/proj","foreground_cwd":"/home/homexa/.treehouse/proj-32563a/1/proj"}
RESULT A: PASS restored pane resumed in its worktree

=== Scenario B: flat spawn aborts after launch delivery (In-flight commit fails) ===
spawn rc=1 (expected non-zero)
warning: /tmp/fm-live-cwd.kzNKRp/homeB/data/liveB/launch-brief.md records no delivery contract line (scaffolded before ship briefs recorded one); launching on the explicit --mode no-mistakes - confirm its definition of done matches
🌳 Setting up worktree...
🌳 Leased worktree at ~/.treehouse/proj-32563a/2/proj. Run 'treehouse return ~/.treehouse/proj-32563a/2/proj' to release it.
error: task liveB's backlog item could not be moved to In flight (error: row could not be moved); its record was removed so no worker is left that the backlog does not own - close out endpoint fm-lab-livecwd-1038806-24751:w1:p3 and local copy /home/homexa/.treehouse/proj-32563a/2/proj by hand, then re-run the spawn
warning: leaving task liveB's slot claim on /home/homexa/.treehouse/proj-32563a/2/proj in place; the Treehouse project lock is no longer held, so the next spawn's claim replaces it
warning: the agent for liveB was already launched in endpoint fm-lab-livecwd-1038806-24751:w1:p3, whose shell runs in task liveB's leased Treehouse worktree /home/homexa/.treehouse/proj-32563a/2/proj, so the aborted spawn leaves that slot leased rather than returning it under a live agent; stop the agent and inspect /home/homexa/.treehouse/proj-32563a/2/proj, then release it with 'treehouse return --if-lease-holder fm-liveB /home/homexa/.treehouse/proj-32563a/2/proj'
task record present? no
retained-lease record: /tmp/fm-live-cwd.kzNKRp/homeB/state/.treehouse-lease-retained/liveB.2.retained
task=liveB
holder=fm-liveB
worktree=/home/homexa/.treehouse/proj-32563a/2/proj
reason=the aborted spawn had already launched its agent in endpoint fm-lab-livecwd-1038806-24751:w1:p3
recorded_at=2026-09-21T02:20:31Z
live pane for liveB:
treehouse status of slot:
{"path":"/home/homexa/.treehouse/proj-32563a/2/proj","status":"leased","lease_holder":"fm-liveB"}

--- fm-bootstrap.sh session-start output (TREEHOUSE_LEASE lines) ---
TREEHOUSE_LEASE: pool slot /home/homexa/.treehouse/proj-32563a/2/proj is still leased to fm-liveB for task liveB (the aborted spawn had already launched its agent in endpoint fm-lab-livecwd-1038806-24751:w1:p3); once nothing is running in it, inspect it and save any unlanded work, because reclaiming discards it; then reclaim it with: treehouse return --if-lease-holder fm-liveB /home/homexa/.treehouse/proj-32563a/2/proj, then rm /tmp/fm-live-cwd.kzNKRp/homeB/state/.treehouse-lease-retained/liveB.2.retained
teardown rc=0
